============================= test session starts =============================
platform win32 -- Python 3.11.9, pytest-8.1.1, pluggy-1.6.0 -- C:\Users\himan\AppData\Local\Programs\Python\Python311\python.exe
cachedir: .pytest_cache
rootdir: C:\Users\himan\Desktop\ai_trading_tool
plugins: anyio-4.12.0
collecting ... collected 8 items

tests/test_backtester.py::test_initialization PASSED                     [ 12%]
tests/test_backtester.py::test_simple_buy_and_target_exit PASSED         [ 25%]
tests/test_backtester.py::test_stop_loss_exit PASSED                     [ 37%]
tests/test_backtester.py::test_metrics_calculation FAILED                [ 50%]
tests/test_paper_trader.py::test_paper_trader_init PASSED                [ 62%]
tests/test_paper_trader.py::test_place_order_sufficient_funds PASSED     [ 75%]
tests/test_paper_trader.py::test_place_order_insufficient_funds PASSED   [ 87%]
tests/test_paper_trader.py::test_exit_logic_target_hit PASSED            [100%]

================================== FAILURES ===================================
__________________________ test_metrics_calculation ___________________________

    def test_metrics_calculation():
        engine = BacktestEngine(initial_capital=100)
        engine.equity_curve = [
            {'Date': '2024-01-01', 'Equity': 100},
            {'Date': '2024-01-02', 'Equity': 110}, # +10%
            {'Date': '2024-01-03', 'Equity': 99}   # -10%
        ]
>       metrics = engine.calculate_metrics()

tests\test_backtester.py:78: 
_ _ _ _ _ _ _ _ _ _ _ _ _ _ _ _ _ _ _ _ _ _ _ _ _ _ _ _ _ _ _ _ _ _ _ _ _ _ _ _

self = <src.backtester.BacktestEngine object at 0x0000024EE092B250>

    def calculate_metrics(self):
        """Calculates Sharpe, Drawdown, Win Rate, etc."""
        if not self.equity_curve:
            return {}
    
        equity_df = pd.DataFrame(self.equity_curve).set_index('Date')
        equity_df['Returns'] = equity_df['Equity'].pct_change().dropna()
    
        total_return = (equity_df['Equity'].iloc[-1] - self.initial_capital) / self.initial_capital
    
        # Annualized Statistics (assuming daily data)
>       days = (equity_df.index[-1] - equity_df.index[0]).days
E       TypeError: unsupported operand type(s) for -: 'str' and 'str'

src\backtester.py:167: TypeError
=========================== short test summary info ===========================
FAILED tests/test_backtester.py::test_metrics_calculation - TypeError: unsupp...
========================= 1 failed, 7 passed in 0.97s =========================
